#-----------------------------------------------------------
# Vivado v2020.1 (64-bit)
# SW Build 2902540 on Wed May 27 19:54:49 MDT 2020
# IP Build 2902112 on Wed May 27 22:43:36 MDT 2020
# Start of session at: Wed Dec  9 14:08:25 2020
# Process ID: 3956
# Current directory: E:/OneDrive - Habib University/Desktop/Project_Demo
# Command line: vivado.exe -gui_launcher_event rodinguilauncherevent1548 E:\OneDrive - Habib University\Desktop\Project_Demo\Project_Demo.xpr
# Log file: E:/OneDrive - Habib University/Desktop/Project_Demo/vivado.log
# Journal file: E:/OneDrive - Habib University/Desktop/Project_Demo\vivado.jou
#-----------------------------------------------------------
start_gui
open_project {E:/OneDrive - Habib University/Desktop/Project_Demo/Project_Demo.xpr}
update_compile_order -fileset sources_1
open_hw_manager
connect_hw_server -allow_non_jtag
open_hw_target
set_property PROGRAM.FILE {E:/OneDrive - Habib University/Desktop/Project_Demo/Project_Demo.runs/impl_1/vga_controller.bit} [get_hw_devices xc7a35t_0]
current_hw_device [get_hw_devices xc7a35t_0]
refresh_hw_device -update_hw_probes false [lindex [get_hw_devices xc7a35t_0] 0]
set_property PROBES.FILE {} [get_hw_devices xc7a35t_0]
set_property FULL_PROBES.FILE {} [get_hw_devices xc7a35t_0]
set_property PROGRAM.FILE {E:/OneDrive - Habib University/Desktop/Project_Demo/Project_Demo.runs/impl_1/vga_controller.bit} [get_hw_devices xc7a35t_0]
program_hw_devices [get_hw_devices xc7a35t_0]
refresh_hw_device [lindex [get_hw_devices xc7a35t_0] 0]
synth_design -rtl -name rtl_1
